06/01/23 18:28:34 Server started
06/01/23 18:28:50 Server started
06/01/23 18:28:50 DB server version (Version:5, IID:0x80000000)
06/01/23 18:28:50 Auth server version (Version:1)
06/01/23 18:28:56 Server is ready on port 30001 (time stamp: 05/10/05 11:58:31 (KR))
06/01/23 18:30:16 Shutdown started
06/01/23 18:30:20 Shutdown completed
06/01/23 18:31:38 Server started
06/01/23 18:31:38 DB server version (Version:5, IID:0x80000000)
06/01/23 18:31:38 Auth server version (Version:1)
06/01/23 18:31:42 Server is ready on port 30001 (time stamp: 05/10/05 11:58:31 (KR))
06/01/23 18:59:59 ##01 ~ 10 : 0 0 0 : 0
06/01/23 18:59:59 @@01 ~ 10 : 0 0
06/01/23 18:59:59 ##11 ~ 20 : 0 0 0 : 0
06/01/23 18:59:59 @@11 ~ 20 : 0 0
06/01/23 18:59:59 ##21 ~ 30 : 0 0 0 : 0
06/01/23 18:59:59 @@21 ~ 30 : 0 0
06/01/23 18:59:59 ##31 ~ 40 : 0 0 0 : 0
06/01/23 18:59:59 @@31 ~ 40 : 0 0
06/01/23 18:59:59 ##41 ~ 50 : 0 0 0 : 0
06/01/23 18:59:59 @@41 ~ 50 : 0 0
06/01/23 18:59:59 ##51 ~ 60 : 0 0 0 : 0
06/01/23 18:59:59 @@51 ~ 60 : 0 0
06/01/23 18:59:59 ##61 ~ 70 : 0 0 0 : 0
06/01/23 18:59:59 @@61 ~ 70 : 0 0
06/01/23 18:59:59 ##71 ~ 80 : 0 0 0 : 0
06/01/23 18:59:59 @@71 ~ 80 : 0 0
06/01/23 18:59:59 ##81 ~ 90 : 0 0 0 : 0
06/01/23 18:59:59 @@81 ~ 90 : 0 0
06/01/23 18:59:59 ##91 ~ 100 : 0 0 0 : 0
06/01/23 18:59:59 @@91 ~ 100 : 0 0
06/01/23 18:59:59 ##Total Sum : 0 0 0 : 0
06/01/23 18:59:59 @@Total Sum : 0 0
06/01/23 18:59:59 $$Currency Increment : 0
06/01/23 19:55:24 Shutdown started
06/01/23 19:55:29 Shutdown completed
06/01/23 19:55:49 Server started
06/01/23 19:55:49 DB server version (Version:5, IID:0x80000000)
06/01/23 19:55:49 Auth server version (Version:1)
06/01/23 19:55:57 Server is ready on port 30001 (time stamp: 05/10/05 11:58:31 (KR))
06/01/23 20:00:10 ##01 ~ 10 : 0 0 0 : 0
06/01/23 20:00:10 @@01 ~ 10 : 0 0
06/01/23 20:00:10 ##11 ~ 20 : 0 0 0 : 0
06/01/23 20:00:10 @@11 ~ 20 : 0 0
06/01/23 20:00:10 ##21 ~ 30 : 0 0 0 : 0
06/01/23 20:00:10 @@21 ~ 30 : 0 0
06/01/23 20:00:10 ##31 ~ 40 : 0 0 0 : 0
06/01/23 20:00:10 @@31 ~ 40 : 0 0
06/01/23 20:00:10 ##41 ~ 50 : 0 0 0 : 0
06/01/23 20:00:10 @@41 ~ 50 : 0 0
06/01/23 20:00:10 ##51 ~ 60 : 0 0 0 : 0
06/01/23 20:00:10 @@51 ~ 60 : 0 0
06/01/23 20:00:10 ##61 ~ 70 : 0 0 0 : 0
06/01/23 20:00:10 @@61 ~ 70 : 0 0
06/01/23 20:00:10 ##71 ~ 80 : 0 0 0 : 0
06/01/23 20:00:10 @@71 ~ 80 : 0 0
06/01/23 20:00:10 ##81 ~ 90 : 0 0 0 : 0
06/01/23 20:00:10 @@81 ~ 90 : 0 0
06/01/23 20:00:10 ##91 ~ 100 : 0 0 0 : 0
06/01/23 20:00:10 @@91 ~ 100 : 0 0
06/01/23 20:00:10 ##Total Sum : 0 0 0 : 0
06/01/23 20:00:10 @@Total Sum : 0 0
06/01/23 20:00:10 $$Currency Increment : 0
06/01/23 20:02:24 <ItemGroup> reloading is completed.
06/01/23 20:59:59 ##01 ~ 10 : 0 0 0 : 0
06/01/23 20:59:59 @@01 ~ 10 : 0 0
06/01/23 20:59:59 ##11 ~ 20 : 0 0 0 : 0
06/01/23 20:59:59 @@11 ~ 20 : 0 0
06/01/23 20:59:59 ##21 ~ 30 : 0 0 0 : 0
06/01/23 20:59:59 @@21 ~ 30 : 0 0
06/01/23 20:59:59 ##31 ~ 40 : 0 0 0 : 0
06/01/23 20:59:59 @@31 ~ 40 : 0 0
06/01/23 20:59:59 ##41 ~ 50 : 0 0 0 : 0
06/01/23 20:59:59 @@41 ~ 50 : 0 0
06/01/23 20:59:59 ##51 ~ 60 : 0 0 0 : 0
06/01/23 20:59:59 @@51 ~ 60 : 0 0
06/01/23 20:59:59 ##61 ~ 70 : 0 0 0 : 0
06/01/23 20:59:59 @@61 ~ 70 : 0 0
06/01/23 20:59:59 ##71 ~ 80 : 0 0 0 : 0
06/01/23 20:59:59 @@71 ~ 80 : 0 0
06/01/23 20:59:59 ##81 ~ 90 : 0 0 0 : 0
06/01/23 20:59:59 @@81 ~ 90 : 0 0
06/01/23 20:59:59 ##91 ~ 100 : 0 0 0 : 0
06/01/23 20:59:59 @@91 ~ 100 : 0 0
06/01/23 20:59:59 ##Total Sum : 0 0 0 : 0
06/01/23 20:59:59 @@Total Sum : 0 0
06/01/23 20:59:59 $$Currency Increment : 0
06/01/23 21:32:11 Shutdown started
