06/01/25 00:59:59 ##01 ~ 10 : 0 0 0 : 0
06/01/25 00:59:59 @@01 ~ 10 : 0 0
06/01/25 00:59:59 ##11 ~ 20 : 0 0 0 : 0
06/01/25 00:59:59 @@11 ~ 20 : 0 0
06/01/25 00:59:59 ##21 ~ 30 : 0 0 0 : 0
06/01/25 00:59:59 @@21 ~ 30 : 0 0
06/01/25 00:59:59 ##31 ~ 40 : 0 0 0 : 0
06/01/25 00:59:59 @@31 ~ 40 : 0 0
06/01/25 00:59:59 ##41 ~ 50 : 0 0 0 : 0
06/01/25 00:59:59 @@41 ~ 50 : 0 0
06/01/25 00:59:59 ##51 ~ 60 : 0 0 0 : 0
06/01/25 00:59:59 @@51 ~ 60 : 0 0
06/01/25 00:59:59 ##61 ~ 70 : 0 0 0 : 0
06/01/25 00:59:59 @@61 ~ 70 : 0 0
06/01/25 00:59:59 ##71 ~ 80 : 0 0 0 : 0
06/01/25 00:59:59 @@71 ~ 80 : 0 0
06/01/25 00:59:59 ##81 ~ 90 : 0 0 0 : 0
06/01/25 00:59:59 @@81 ~ 90 : 0 0
06/01/25 00:59:59 ##91 ~ 100 : 0 0 0 : 0
06/01/25 00:59:59 @@91 ~ 100 : 0 0
06/01/25 00:59:59 ##Total Sum : 0 0 0 : 0
06/01/25 00:59:59 @@Total Sum : 0 0
06/01/25 00:59:59 $$Currency Increment : 0
06/01/25 01:59:59 ##01 ~ 10 : 0 0 0 : 0
06/01/25 01:59:59 @@01 ~ 10 : 0 0
06/01/25 01:59:59 ##11 ~ 20 : 0 0 0 : 0
06/01/25 01:59:59 @@11 ~ 20 : 0 0
06/01/25 01:59:59 ##21 ~ 30 : 0 0 0 : 0
06/01/25 01:59:59 @@21 ~ 30 : 0 0
06/01/25 01:59:59 ##31 ~ 40 : 0 0 0 : 0
06/01/25 01:59:59 @@31 ~ 40 : 0 0
06/01/25 01:59:59 ##41 ~ 50 : 0 0 0 : 0
06/01/25 01:59:59 @@41 ~ 50 : 0 0
06/01/25 01:59:59 ##51 ~ 60 : 0 0 0 : 0
06/01/25 01:59:59 @@51 ~ 60 : 0 0
06/01/25 01:59:59 ##61 ~ 70 : 0 0 0 : 0
06/01/25 01:59:59 @@61 ~ 70 : 0 0
06/01/25 01:59:59 ##71 ~ 80 : 0 0 0 : 0
06/01/25 01:59:59 @@71 ~ 80 : 0 0
06/01/25 01:59:59 ##81 ~ 90 : 0 0 0 : 0
06/01/25 01:59:59 @@81 ~ 90 : 0 0
06/01/25 01:59:59 ##91 ~ 100 : 0 0 0 : 0
06/01/25 01:59:59 @@91 ~ 100 : 0 0
06/01/25 01:59:59 ##Total Sum : 0 0 0 : 0
06/01/25 01:59:59 @@Total Sum : 0 0
06/01/25 01:59:59 $$Currency Increment : 0
06/01/25 02:59:59 ##01 ~ 10 : 0 0 0 : 0
06/01/25 02:59:59 @@01 ~ 10 : 0 0
06/01/25 02:59:59 ##11 ~ 20 : 0 0 0 : 0
06/01/25 02:59:59 @@11 ~ 20 : 0 0
06/01/25 02:59:59 ##21 ~ 30 : 0 0 0 : 0
06/01/25 02:59:59 @@21 ~ 30 : 0 0
06/01/25 02:59:59 ##31 ~ 40 : 0 0 0 : 0
06/01/25 02:59:59 @@31 ~ 40 : 0 0
06/01/25 02:59:59 ##41 ~ 50 : 0 0 0 : 0
06/01/25 02:59:59 @@41 ~ 50 : 0 0
06/01/25 02:59:59 ##51 ~ 60 : 0 0 0 : 0
06/01/25 02:59:59 @@51 ~ 60 : 0 0
06/01/25 02:59:59 ##61 ~ 70 : 0 0 0 : 0
06/01/25 02:59:59 @@61 ~ 70 : 0 0
06/01/25 02:59:59 ##71 ~ 80 : 0 0 0 : 0
06/01/25 02:59:59 @@71 ~ 80 : 0 0
06/01/25 02:59:59 ##81 ~ 90 : 0 0 0 : 0
06/01/25 02:59:59 @@81 ~ 90 : 0 0
06/01/25 02:59:59 ##91 ~ 100 : 0 0 0 : 0
06/01/25 02:59:59 @@91 ~ 100 : 0 0
06/01/25 02:59:59 ##Total Sum : 0 0 0 : 0
06/01/25 02:59:59 @@Total Sum : 0 0
06/01/25 02:59:59 $$Currency Increment : 0
06/01/25 03:59:59 ##01 ~ 10 : 0 0 0 : 0
06/01/25 03:59:59 @@01 ~ 10 : 0 0
06/01/25 03:59:59 ##11 ~ 20 : 0 0 0 : 0
06/01/25 03:59:59 @@11 ~ 20 : 0 0
06/01/25 03:59:59 ##21 ~ 30 : 0 0 0 : 0
06/01/25 03:59:59 @@21 ~ 30 : 0 0
06/01/25 03:59:59 ##31 ~ 40 : 0 0 0 : 0
06/01/25 03:59:59 @@31 ~ 40 : 0 0
06/01/25 03:59:59 ##41 ~ 50 : 0 0 0 : 0
06/01/25 03:59:59 @@41 ~ 50 : 0 0
06/01/25 03:59:59 ##51 ~ 60 : 0 0 0 : 0
06/01/25 03:59:59 @@51 ~ 60 : 0 0
06/01/25 03:59:59 ##61 ~ 70 : 0 0 0 : 0
06/01/25 03:59:59 @@61 ~ 70 : 0 0
06/01/25 03:59:59 ##71 ~ 80 : 0 0 0 : 0
06/01/25 03:59:59 @@71 ~ 80 : 0 0
06/01/25 03:59:59 ##81 ~ 90 : 0 0 0 : 0
06/01/25 03:59:59 @@81 ~ 90 : 0 0
06/01/25 03:59:59 ##91 ~ 100 : 0 0 0 : 0
06/01/25 03:59:59 @@91 ~ 100 : 0 0
06/01/25 03:59:59 ##Total Sum : 0 0 0 : 0
06/01/25 03:59:59 @@Total Sum : 0 0
06/01/25 03:59:59 $$Currency Increment : 0
06/01/25 04:59:59 ##01 ~ 10 : 0 0 0 : 0
06/01/25 04:59:59 @@01 ~ 10 : 0 0
06/01/25 04:59:59 ##11 ~ 20 : 0 0 0 : 0
06/01/25 04:59:59 @@11 ~ 20 : 0 0
06/01/25 04:59:59 ##21 ~ 30 : 0 0 0 : 0
06/01/25 04:59:59 @@21 ~ 30 : 0 0
06/01/25 04:59:59 ##31 ~ 40 : 0 0 0 : 0
06/01/25 04:59:59 @@31 ~ 40 : 0 0
06/01/25 04:59:59 ##41 ~ 50 : 0 0 0 : 0
06/01/25 04:59:59 @@41 ~ 50 : 0 0
06/01/25 04:59:59 ##51 ~ 60 : 0 0 0 : 0
06/01/25 04:59:59 @@51 ~ 60 : 0 0
06/01/25 04:59:59 ##61 ~ 70 : 0 0 0 : 0
06/01/25 04:59:59 @@61 ~ 70 : 0 0
06/01/25 04:59:59 ##71 ~ 80 : 0 0 0 : 0
06/01/25 04:59:59 @@71 ~ 80 : 0 0
06/01/25 04:59:59 ##81 ~ 90 : 0 0 0 : 0
06/01/25 04:59:59 @@81 ~ 90 : 0 0
06/01/25 04:59:59 ##91 ~ 100 : 0 0 0 : 0
06/01/25 04:59:59 @@91 ~ 100 : 0 0
06/01/25 04:59:59 ##Total Sum : 0 0 0 : 0
06/01/25 04:59:59 @@Total Sum : 0 0
06/01/25 04:59:59 $$Currency Increment : 0
06/01/25 05:59:59 ##01 ~ 10 : 0 0 0 : 0
06/01/25 05:59:59 @@01 ~ 10 : 0 0
06/01/25 05:59:59 ##11 ~ 20 : 0 0 0 : 0
06/01/25 05:59:59 @@11 ~ 20 : 0 0
06/01/25 05:59:59 ##21 ~ 30 : 0 0 0 : 0
06/01/25 05:59:59 @@21 ~ 30 : 0 0
06/01/25 05:59:59 ##31 ~ 40 : 0 0 0 : 0
06/01/25 05:59:59 @@31 ~ 40 : 0 0
06/01/25 05:59:59 ##41 ~ 50 : 0 0 0 : 0
06/01/25 05:59:59 @@41 ~ 50 : 0 0
06/01/25 05:59:59 ##51 ~ 60 : 0 0 0 : 0
06/01/25 05:59:59 @@51 ~ 60 : 0 0
06/01/25 05:59:59 ##61 ~ 70 : 0 0 0 : 0
06/01/25 05:59:59 @@61 ~ 70 : 0 0
06/01/25 05:59:59 ##71 ~ 80 : 0 0 0 : 0
06/01/25 05:59:59 @@71 ~ 80 : 0 0
06/01/25 05:59:59 ##81 ~ 90 : 0 0 0 : 0
06/01/25 05:59:59 @@81 ~ 90 : 0 0
06/01/25 05:59:59 ##91 ~ 100 : 0 0 0 : 0
06/01/25 05:59:59 @@91 ~ 100 : 0 0
06/01/25 05:59:59 ##Total Sum : 0 0 0 : 0
06/01/25 05:59:59 @@Total Sum : 0 0
06/01/25 05:59:59 $$Currency Increment : 0
06/01/25 06:59:59 ##01 ~ 10 : 0 0 0 : 0
06/01/25 06:59:59 @@01 ~ 10 : 0 0
06/01/25 06:59:59 ##11 ~ 20 : 0 0 0 : 0
06/01/25 06:59:59 @@11 ~ 20 : 0 0
06/01/25 06:59:59 ##21 ~ 30 : 0 0 0 : 0
06/01/25 06:59:59 @@21 ~ 30 : 0 0
06/01/25 06:59:59 ##31 ~ 40 : 0 0 0 : 0
06/01/25 06:59:59 @@31 ~ 40 : 0 0
06/01/25 06:59:59 ##41 ~ 50 : 0 0 0 : 0
06/01/25 06:59:59 @@41 ~ 50 : 0 0
06/01/25 06:59:59 ##51 ~ 60 : 0 0 0 : 0
06/01/25 06:59:59 @@51 ~ 60 : 0 0
06/01/25 06:59:59 ##61 ~ 70 : 0 0 0 : 0
06/01/25 06:59:59 @@61 ~ 70 : 0 0
06/01/25 06:59:59 ##71 ~ 80 : 0 0 0 : 0
06/01/25 06:59:59 @@71 ~ 80 : 0 0
06/01/25 06:59:59 ##81 ~ 90 : 0 0 0 : 0
06/01/25 06:59:59 @@81 ~ 90 : 0 0
06/01/25 06:59:59 ##91 ~ 100 : 0 0 0 : 0
06/01/25 06:59:59 @@91 ~ 100 : 0 0
06/01/25 06:59:59 ##Total Sum : 0 0 0 : 0
06/01/25 06:59:59 @@Total Sum : 0 0
06/01/25 06:59:59 $$Currency Increment : 0
06/01/25 07:59:59 ##01 ~ 10 : 0 0 0 : 0
06/01/25 07:59:59 @@01 ~ 10 : 0 0
06/01/25 07:59:59 ##11 ~ 20 : 0 0 0 : 0
06/01/25 07:59:59 @@11 ~ 20 : 0 0
06/01/25 07:59:59 ##21 ~ 30 : 0 0 0 : 0
06/01/25 07:59:59 @@21 ~ 30 : 0 0
06/01/25 07:59:59 ##31 ~ 40 : 0 0 0 : 0
06/01/25 07:59:59 @@31 ~ 40 : 0 0
06/01/25 07:59:59 ##41 ~ 50 : 0 0 0 : 0
06/01/25 07:59:59 @@41 ~ 50 : 0 0
06/01/25 07:59:59 ##51 ~ 60 : 0 0 0 : 0
06/01/25 07:59:59 @@51 ~ 60 : 0 0
06/01/25 07:59:59 ##61 ~ 70 : 0 0 0 : 0
06/01/25 07:59:59 @@61 ~ 70 : 0 0
06/01/25 07:59:59 ##71 ~ 80 : 0 0 0 : 0
06/01/25 07:59:59 @@71 ~ 80 : 0 0
06/01/25 07:59:59 ##81 ~ 90 : 0 0 0 : 0
06/01/25 07:59:59 @@81 ~ 90 : 0 0
06/01/25 07:59:59 ##91 ~ 100 : 0 0 0 : 0
06/01/25 07:59:59 @@91 ~ 100 : 0 0
06/01/25 07:59:59 ##Total Sum : 0 0 0 : 0
06/01/25 07:59:59 @@Total Sum : 0 0
06/01/25 07:59:59 $$Currency Increment : 0
06/01/25 08:59:59 ##01 ~ 10 : 0 0 0 : 0
06/01/25 08:59:59 @@01 ~ 10 : 0 0
06/01/25 08:59:59 ##11 ~ 20 : 0 0 0 : 0
06/01/25 08:59:59 @@11 ~ 20 : 0 0
06/01/25 08:59:59 ##21 ~ 30 : 0 0 0 : 0
06/01/25 08:59:59 @@21 ~ 30 : 0 0
06/01/25 08:59:59 ##31 ~ 40 : 0 0 0 : 0
06/01/25 08:59:59 @@31 ~ 40 : 0 0
06/01/25 08:59:59 ##41 ~ 50 : 0 0 0 : 0
06/01/25 08:59:59 @@41 ~ 50 : 0 0
06/01/25 08:59:59 ##51 ~ 60 : 0 0 0 : 0
06/01/25 08:59:59 @@51 ~ 60 : 0 0
06/01/25 08:59:59 ##61 ~ 70 : 0 0 0 : 0
06/01/25 08:59:59 @@61 ~ 70 : 0 0
06/01/25 08:59:59 ##71 ~ 80 : 0 0 0 : 0
06/01/25 08:59:59 @@71 ~ 80 : 0 0
06/01/25 08:59:59 ##81 ~ 90 : 0 0 0 : 0
06/01/25 08:59:59 @@81 ~ 90 : 0 0
06/01/25 08:59:59 ##91 ~ 100 : 0 0 0 : 0
06/01/25 08:59:59 @@91 ~ 100 : 0 0
06/01/25 08:59:59 ##Total Sum : 0 0 0 : 0
06/01/25 08:59:59 @@Total Sum : 0 0
06/01/25 08:59:59 $$Currency Increment : 0
06/01/25 09:59:59 ##01 ~ 10 : 0 0 0 : 0
06/01/25 09:59:59 @@01 ~ 10 : 0 0
06/01/25 09:59:59 ##11 ~ 20 : 0 0 0 : 0
06/01/25 09:59:59 @@11 ~ 20 : 0 0
06/01/25 09:59:59 ##21 ~ 30 : 0 0 0 : 0
06/01/25 09:59:59 @@21 ~ 30 : 0 0
06/01/25 09:59:59 ##31 ~ 40 : 0 0 0 : 0
06/01/25 09:59:59 @@31 ~ 40 : 0 0
06/01/25 09:59:59 ##41 ~ 50 : 0 0 0 : 0
06/01/25 09:59:59 @@41 ~ 50 : 0 0
06/01/25 09:59:59 ##51 ~ 60 : 0 0 0 : 0
06/01/25 09:59:59 @@51 ~ 60 : 0 0
06/01/25 09:59:59 ##61 ~ 70 : 0 0 0 : 0
06/01/25 09:59:59 @@61 ~ 70 : 0 0
06/01/25 09:59:59 ##71 ~ 80 : 0 0 0 : 0
06/01/25 09:59:59 @@71 ~ 80 : 0 0
06/01/25 09:59:59 ##81 ~ 90 : 0 0 0 : 0
06/01/25 09:59:59 @@81 ~ 90 : 0 0
06/01/25 09:59:59 ##91 ~ 100 : 0 0 0 : 0
06/01/25 09:59:59 @@91 ~ 100 : 0 0
06/01/25 09:59:59 ##Total Sum : 0 0 0 : 0
06/01/25 09:59:59 @@Total Sum : 0 0
06/01/25 09:59:59 $$Currency Increment : 0
06/01/25 10:59:59 ##01 ~ 10 : 0 0 0 : 0
06/01/25 10:59:59 @@01 ~ 10 : 0 0
06/01/25 10:59:59 ##11 ~ 20 : 0 0 0 : 0
06/01/25 10:59:59 @@11 ~ 20 : 0 0
06/01/25 10:59:59 ##21 ~ 30 : 0 0 0 : 0
06/01/25 10:59:59 @@21 ~ 30 : 0 0
06/01/25 10:59:59 ##31 ~ 40 : 0 0 0 : 0
06/01/25 10:59:59 @@31 ~ 40 : 0 0
06/01/25 10:59:59 ##41 ~ 50 : 0 0 0 : 0
06/01/25 10:59:59 @@41 ~ 50 : 0 0
06/01/25 10:59:59 ##51 ~ 60 : 0 0 0 : 0
06/01/25 10:59:59 @@51 ~ 60 : 0 0
06/01/25 10:59:59 ##61 ~ 70 : 0 0 0 : 0
06/01/25 10:59:59 @@61 ~ 70 : 0 0
06/01/25 10:59:59 ##71 ~ 80 : 0 0 0 : 0
06/01/25 10:59:59 @@71 ~ 80 : 0 0
06/01/25 10:59:59 ##81 ~ 90 : 0 0 0 : 0
06/01/25 10:59:59 @@81 ~ 90 : 0 0
06/01/25 10:59:59 ##91 ~ 100 : 0 0 0 : 0
06/01/25 10:59:59 @@91 ~ 100 : 0 0
06/01/25 10:59:59 ##Total Sum : 0 0 0 : 0
06/01/25 10:59:59 @@Total Sum : 0 0
06/01/25 10:59:59 $$Currency Increment : 0
06/01/25 11:59:59 ##01 ~ 10 : 0 0 0 : 0
06/01/25 11:59:59 @@01 ~ 10 : 0 0
06/01/25 11:59:59 ##11 ~ 20 : 0 0 0 : 0
06/01/25 11:59:59 @@11 ~ 20 : 0 0
06/01/25 11:59:59 ##21 ~ 30 : 0 0 0 : 0
06/01/25 11:59:59 @@21 ~ 30 : 0 0
06/01/25 11:59:59 ##31 ~ 40 : 0 0 0 : 0
06/01/25 11:59:59 @@31 ~ 40 : 0 0
06/01/25 11:59:59 ##41 ~ 50 : 0 0 0 : 0
06/01/25 11:59:59 @@41 ~ 50 : 0 0
06/01/25 11:59:59 ##51 ~ 60 : 0 0 0 : 0
06/01/25 11:59:59 @@51 ~ 60 : 0 0
06/01/25 11:59:59 ##61 ~ 70 : 0 0 0 : 0
06/01/25 11:59:59 @@61 ~ 70 : 0 0
06/01/25 11:59:59 ##71 ~ 80 : 0 0 0 : 0
06/01/25 11:59:59 @@71 ~ 80 : 0 0
06/01/25 11:59:59 ##81 ~ 90 : 0 0 0 : 0
06/01/25 11:59:59 @@81 ~ 90 : 0 0
06/01/25 11:59:59 ##91 ~ 100 : 0 0 0 : 0
06/01/25 11:59:59 @@91 ~ 100 : 0 0
06/01/25 11:59:59 ##Total Sum : 0 0 0 : 0
06/01/25 11:59:59 @@Total Sum : 0 0
06/01/25 11:59:59 $$Currency Increment : 0
06/01/25 12:59:59 ##01 ~ 10 : 0 0 0 : 0
06/01/25 12:59:59 @@01 ~ 10 : 0 0
06/01/25 12:59:59 ##11 ~ 20 : 0 0 0 : 0
06/01/25 12:59:59 @@11 ~ 20 : 0 0
06/01/25 12:59:59 ##21 ~ 30 : 0 0 0 : 0
06/01/25 12:59:59 @@21 ~ 30 : 0 0
06/01/25 12:59:59 ##31 ~ 40 : 0 0 0 : 0
06/01/25 12:59:59 @@31 ~ 40 : 0 0
06/01/25 12:59:59 ##41 ~ 50 : 0 0 0 : 0
06/01/25 12:59:59 @@41 ~ 50 : 0 0
06/01/25 12:59:59 ##51 ~ 60 : 0 0 0 : 0
06/01/25 12:59:59 @@51 ~ 60 : 0 0
06/01/25 12:59:59 ##61 ~ 70 : 0 0 0 : 0
06/01/25 12:59:59 @@61 ~ 70 : 0 0
06/01/25 12:59:59 ##71 ~ 80 : 0 0 0 : 0
06/01/25 12:59:59 @@71 ~ 80 : 0 0
06/01/25 12:59:59 ##81 ~ 90 : 0 0 0 : 0
06/01/25 12:59:59 @@81 ~ 90 : 0 0
06/01/25 12:59:59 ##91 ~ 100 : 0 0 0 : 0
06/01/25 12:59:59 @@91 ~ 100 : 0 0
06/01/25 12:59:59 ##Total Sum : 0 0 0 : 0
06/01/25 12:59:59 @@Total Sum : 0 0
06/01/25 12:59:59 $$Currency Increment : 0
06/01/25 13:59:59 ##01 ~ 10 : 0 0 0 : 0
06/01/25 13:59:59 @@01 ~ 10 : 0 0
06/01/25 13:59:59 ##11 ~ 20 : 0 0 0 : 0
06/01/25 13:59:59 @@11 ~ 20 : 0 0
06/01/25 13:59:59 ##21 ~ 30 : 0 0 0 : 0
06/01/25 13:59:59 @@21 ~ 30 : 0 0
06/01/25 13:59:59 ##31 ~ 40 : 0 0 0 : 0
06/01/25 13:59:59 @@31 ~ 40 : 0 0
06/01/25 13:59:59 ##41 ~ 50 : 0 0 0 : 0
06/01/25 13:59:59 @@41 ~ 50 : 0 0
06/01/25 13:59:59 ##51 ~ 60 : 0 0 0 : 0
06/01/25 13:59:59 @@51 ~ 60 : 0 0
06/01/25 13:59:59 ##61 ~ 70 : 0 0 0 : 0
06/01/25 13:59:59 @@61 ~ 70 : 0 0
06/01/25 13:59:59 ##71 ~ 80 : 0 0 0 : 0
06/01/25 13:59:59 @@71 ~ 80 : 0 0
06/01/25 13:59:59 ##81 ~ 90 : 0 0 0 : 0
06/01/25 13:59:59 @@81 ~ 90 : 0 0
06/01/25 13:59:59 ##91 ~ 100 : 0 0 0 : 0
06/01/25 13:59:59 @@91 ~ 100 : 0 0
06/01/25 13:59:59 ##Total Sum : 0 0 0 : 0
06/01/25 13:59:59 @@Total Sum : 0 0
06/01/25 13:59:59 $$Currency Increment : 0
06/01/25 14:59:59 ##01 ~ 10 : 0 0 0 : 0
06/01/25 14:59:59 @@01 ~ 10 : 0 0
06/01/25 14:59:59 ##11 ~ 20 : 0 0 0 : 0
06/01/25 14:59:59 @@11 ~ 20 : 0 0
06/01/25 14:59:59 ##21 ~ 30 : 0 0 0 : 0
06/01/25 14:59:59 @@21 ~ 30 : 0 0
06/01/25 14:59:59 ##31 ~ 40 : 0 0 0 : 0
06/01/25 14:59:59 @@31 ~ 40 : 0 0
06/01/25 14:59:59 ##41 ~ 50 : 0 0 0 : 0
06/01/25 14:59:59 @@41 ~ 50 : 0 0
06/01/25 14:59:59 ##51 ~ 60 : 0 0 0 : 0
06/01/25 14:59:59 @@51 ~ 60 : 0 0
06/01/25 14:59:59 ##61 ~ 70 : 0 0 0 : 0
06/01/25 14:59:59 @@61 ~ 70 : 0 0
06/01/25 14:59:59 ##71 ~ 80 : 0 0 0 : 0
06/01/25 14:59:59 @@71 ~ 80 : 0 0
06/01/25 14:59:59 ##81 ~ 90 : 0 0 0 : 0
06/01/25 14:59:59 @@81 ~ 90 : 0 0
06/01/25 14:59:59 ##91 ~ 100 : 0 0 0 : 0
06/01/25 14:59:59 @@91 ~ 100 : 0 0
06/01/25 14:59:59 ##Total Sum : 0 0 0 : 0
06/01/25 14:59:59 @@Total Sum : 0 0
06/01/25 14:59:59 $$Currency Increment : 0
06/01/25 15:59:59 ##01 ~ 10 : 0 0 0 : 0
06/01/25 15:59:59 @@01 ~ 10 : 0 0
06/01/25 15:59:59 ##11 ~ 20 : 0 0 0 : 0
06/01/25 15:59:59 @@11 ~ 20 : 0 0
06/01/25 15:59:59 ##21 ~ 30 : 0 0 0 : 0
06/01/25 15:59:59 @@21 ~ 30 : 0 0
06/01/25 15:59:59 ##31 ~ 40 : 0 0 0 : 0
06/01/25 15:59:59 @@31 ~ 40 : 0 0
06/01/25 15:59:59 ##41 ~ 50 : 0 0 0 : 0
06/01/25 15:59:59 @@41 ~ 50 : 0 0
06/01/25 15:59:59 ##51 ~ 60 : 0 0 0 : 0
06/01/25 15:59:59 @@51 ~ 60 : 0 0
06/01/25 15:59:59 ##61 ~ 70 : 0 0 0 : 0
06/01/25 15:59:59 @@61 ~ 70 : 0 0
06/01/25 15:59:59 ##71 ~ 80 : 0 0 0 : 0
06/01/25 15:59:59 @@71 ~ 80 : 0 0
06/01/25 15:59:59 ##81 ~ 90 : 0 0 0 : 0
06/01/25 15:59:59 @@81 ~ 90 : 0 0
06/01/25 15:59:59 ##91 ~ 100 : 0 0 0 : 0
06/01/25 15:59:59 @@91 ~ 100 : 0 0
06/01/25 15:59:59 ##Total Sum : 0 0 0 : 0
06/01/25 15:59:59 @@Total Sum : 0 0
06/01/25 15:59:59 $$Currency Increment : 0
06/01/25 16:59:59 ##01 ~ 10 : 0 0 0 : 0
06/01/25 16:59:59 @@01 ~ 10 : 0 0
06/01/25 16:59:59 ##11 ~ 20 : 0 0 0 : 0
06/01/25 16:59:59 @@11 ~ 20 : 0 0
06/01/25 16:59:59 ##21 ~ 30 : 0 0 0 : 0
06/01/25 16:59:59 @@21 ~ 30 : 0 0
06/01/25 16:59:59 ##31 ~ 40 : 0 0 0 : 0
06/01/25 16:59:59 @@31 ~ 40 : 0 0
06/01/25 16:59:59 ##41 ~ 50 : 0 0 0 : 0
06/01/25 16:59:59 @@41 ~ 50 : 0 0
06/01/25 16:59:59 ##51 ~ 60 : 0 0 0 : 0
06/01/25 16:59:59 @@51 ~ 60 : 0 0
06/01/25 16:59:59 ##61 ~ 70 : 0 0 0 : 0
06/01/25 16:59:59 @@61 ~ 70 : 0 0
06/01/25 16:59:59 ##71 ~ 80 : 0 0 0 : 0
06/01/25 16:59:59 @@71 ~ 80 : 0 0
06/01/25 16:59:59 ##81 ~ 90 : 0 0 0 : 0
06/01/25 16:59:59 @@81 ~ 90 : 0 0
06/01/25 16:59:59 ##91 ~ 100 : 0 0 0 : 0
06/01/25 16:59:59 @@91 ~ 100 : 0 0
06/01/25 16:59:59 ##Total Sum : 0 0 0 : 0
06/01/25 16:59:59 @@Total Sum : 0 0
06/01/25 16:59:59 $$Currency Increment : 0
06/01/25 17:17:08 Shutdown started
