06/01/24 20:53:58 Server started
06/01/24 20:53:58 DB server version (Version:5, IID:0x80000000)
06/01/24 20:53:58 Auth server version (Version:1)
06/01/24 20:54:08 Server is ready on port 30001 (time stamp: 05/10/05 11:58:31 (KR))
06/01/24 20:55:21 Shutdown started
06/01/24 23:11:45 Server started
06/01/24 23:11:45 DB server version (Version:5, IID:0x80000000)
06/01/24 23:11:45 Auth server version (Version:1)
06/01/24 23:11:51 Server is ready on port 30001 (time stamp: 05/10/05 11:58:31 (KR))
06/01/24 23:24:52 <ItemGroup> reloading is completed.
06/01/24 23:59:59 ##01 ~ 10 : 0 0 0 : 0
06/01/24 23:59:59 @@01 ~ 10 : 0 0
06/01/24 23:59:59 ##11 ~ 20 : 0 0 0 : 0
06/01/24 23:59:59 @@11 ~ 20 : 0 0
06/01/24 23:59:59 ##21 ~ 30 : 0 0 0 : 0
06/01/24 23:59:59 @@21 ~ 30 : 0 0
06/01/24 23:59:59 ##31 ~ 40 : 0 0 0 : 0
06/01/24 23:59:59 @@31 ~ 40 : 0 0
06/01/24 23:59:59 ##41 ~ 50 : 0 0 0 : 0
06/01/24 23:59:59 @@41 ~ 50 : 0 0
06/01/24 23:59:59 ##51 ~ 60 : 0 0 0 : 0
06/01/24 23:59:59 @@51 ~ 60 : 0 0
06/01/24 23:59:59 ##61 ~ 70 : 0 0 0 : 0
06/01/24 23:59:59 @@61 ~ 70 : 0 0
06/01/24 23:59:59 ##71 ~ 80 : 0 0 0 : 0
06/01/24 23:59:59 @@71 ~ 80 : 0 0
06/01/24 23:59:59 ##81 ~ 90 : 0 0 0 : 0
06/01/24 23:59:59 @@81 ~ 90 : 0 0
06/01/24 23:59:59 ##91 ~ 100 : 0 0 0 : 0
06/01/24 23:59:59 @@91 ~ 100 : 0 0
06/01/24 23:59:59 ##Total Sum : 0 0 0 : 0
06/01/24 23:59:59 @@Total Sum : 0 0
06/01/24 23:59:59 $$Currency Increment : 0
