openjdk version "21.0.2" 2024-01-16
OpenJDK Runtime Environment (build 21.0.2+13-58)
OpenJDK 64-Bit Server VM (build 21.0.2+13-58, mixed mode)
INFO  Using log config file: jar:file:/workspace/decompile/tools/ghidra_12.1.3_PUBLIC/Ghidra/Framework/Generic/lib/Generic.jar!/generic.log4j.xml (LoggingInitialization)  
INFO  Using log file: /root/.config/ghidra/ghidra_12.1.3_PUBLIC/application.log (LoggingInitialization)  
INFO  Loading user preferences: /root/.config/ghidra/ghidra_12.1.3_PUBLIC/preferences (Preferences)  
INFO  Searching for classes... (ClassSearcher)  
INFO  Class search complete (1443 ms) (ClassSearcher)  
INFO  Initializing SSL Context (DefaultSSLContextInitializer)  
INFO  Initializing Random Number Generator... (SecureRandomFactory)  
INFO  Random Number Generator initialization complete: NativePRNGNonBlocking (SecureRandomFactory)  
INFO  Trust manager disabled, cacerts have not been set (DefaultTrustManagerFactory)  
INFO  Headless startup complete (5255 ms) (AnalyzeHeadless)  
INFO  Class searcher loaded 59 extension points (20 false positives) (ClassSearcher)  
INFO  HEADLESS Script Paths:
    /workspace/decompile/tools/ghidra_12.1.3_PUBLIC/Ghidra/Features/Decompiler/ghidra_scripts
    /workspace/decompile/tools/ghidra_12.1.3_PUBLIC/Ghidra/Features/Base/ghidra_scripts
    /workspace/decompile/tools/ghidra_12.1.3_PUBLIC/Ghidra/Features/PDB/ghidra_scripts
    /workspace/decompile/tools/ghidra_12.1.3_PUBLIC/Ghidra/Features/FunctionID/ghidra_scripts
    /workspace/decompile/tools/ghidra_12.1.3_PUBLIC/Ghidra/Features/DecompilerDependent/ghidra_scripts
    /workspace/decompile/tools/ghidra_12.1.3_PUBLIC/Ghidra/Features/BytePatterns/ghidra_scripts
    /workspace/decompile/tools/ghidra_12.1.3_PUBLIC/Ghidra/Features/SystemEmulation/ghidra_scripts
    /workspace/decompile/tools/ghidra_12.1.3_PUBLIC/Ghidra/Debug/Debugger-rmi-trace/ghidra_scripts
    /workspace/decompile/tools/ghidra_12.1.3_PUBLIC/Ghidra/Processors/8051/ghidra_scripts
    /workspace/decompile/tools/ghidra_12.1.3_PUBLIC/Ghidra/Processors/Atmel/ghidra_scripts
    /workspace/decompile/tools/ghidra_12.1.3_PUBLIC/Ghidra/Features/WildcardAssembler/ghidra_scripts
    /workspace/decompile/tools/ghidra_12.1.3_PUBLIC/Ghidra/Processors/DATA/ghidra_scripts
    /workspace/decompile/scripts
    /workspace/decompile/tools/ghidra_12.1.3_PUBLIC/Ghidra/Features/VersionTracking/ghidra_scripts
    /workspace/decompile/tools/ghidra_12.1.3_PUBLIC/Ghidra/Debug/Debugger/ghidra_scripts
    /workspace/decompile/tools/ghidra_12.1.3_PUBLIC/Ghidra/Processors/PIC/ghidra_scripts
    /workspace/decompile/tools/ghidra_12.1.3_PUBLIC/Ghidra/Features/FileFormats/ghidra_scripts
    /workspace/decompile/tools/ghidra_12.1.3_PUBLIC/Ghidra/Processors/JVM/ghidra_scripts
    /workspace/decompile/tools/ghidra_12.1.3_PUBLIC/Ghidra/Features/PyGhidra/ghidra_scripts
    /workspace/decompile/tools/ghidra_12.1.3_PUBLIC/Ghidra/Features/SwiftDemangler/ghidra_scripts
    /workspace/decompile/tools/ghidra_12.1.3_PUBLIC/Ghidra/Features/MicrosoftCodeAnalyzer/ghidra_scripts
    /workspace/decompile/tools/ghidra_12.1.3_PUBLIC/Ghidra/Features/GnuDemangler/ghidra_scripts
    /workspace/decompile/tools/ghidra_12.1.3_PUBLIC/Ghidra/Features/BSim/ghidra_scripts (HeadlessAnalyzer)  
INFO  HEADLESS: execution starts (HeadlessAnalyzer)  
INFO  Creating temporary project: /workspace/decompile/ghidra_project/KalOnline_MainSvrT (HeadlessAnalyzer)  
INFO  Creating project: /workspace/decompile/ghidra_project/KalOnline_MainSvrT (DefaultProject)  
INFO  REPORT: Processing input files:  (HeadlessAnalyzer)  
INFO       project: /workspace/decompile/ghidra_project/KalOnline_MainSvrT (HeadlessAnalyzer)  
INFO  IMPORTING: file:///workspace/MainSvrT.exe (HeadlessAnalyzer)  
INFO  Using Loader: Portable Executable (PE) (ProgramLoader)  
INFO  Using Language/Compiler: x86:LE:32:default:windows (ProgramLoader)  
INFO  Using Library Search Path: [., /bin, /lib, /lib64, /lib/x86_64-linux-gnu, /lib/aarch64-linux-gnu, /usr/bin, /usr/lib, /usr/X11R6/bin, /usr/X11R6/lib, /usr/java/packages/lib, /usr/lib64] (ProgramLoader)  
INFO  Additional info:
Loading file:///workspace/MainSvrT.exe?MD5=1874c2491d6a8569d9d5520694fbe13d...
------------------------------------------------

Searching 8 paths for library ADVAPI32.DLL...
Library not found.
------------------------------------------------

Searching 8 paths for library DBGHELP.DLL...
Loading file:///workspace/dbghelp.dll?MD5=3b5f0bf4125688a531fa21c823ea6193...
Using existing exports file: /root/.config/ghidra/ghidra_12.1.3_PUBLIC/symbols/win32/dbghelp.exports
Library not saved to project.
------------------------------------------------

Searching 8 paths for library GDI32.DLL...
Library not found.
------------------------------------------------

Searching 8 paths for library KERNEL32.DLL...
Library not found.
------------------------------------------------

Searching 8 paths for library USER32.DLL...
Library not found.
------------------------------------------------

Searching 8 paths for library WS2_32.DLL...
Library not found.
------------------------------------------------

Applying /root/.config/ghidra/ghidra_12.1.3_PUBLIC/symbols/win32/dbghelp.exports
Linking the External Programs of 'MainSvrT.exe' to imported libraries...
  [DBGHELP.DLL] -> not found in project
  [WS2_32.DLL] -> not found in project
  [KERNEL32.DLL] -> not found in project
  [USER32.DLL] -> not found in project
  [GDI32.DLL] -> not found in project
  [ADVAPI32.DLL] -> not found in project
------------------------------------------------

 (ProgramLoader)  
INFO  IMPORTING: Loaded 0 additional files (HeadlessAnalyzer)  
INFO  ANALYZING all memory and code: file:///workspace/MainSvrT.exe (HeadlessAnalyzer)  
WARN  Ignoring leading '_' chars on no-return name '___raise_securityfailure' specified in file: /workspace/decompile/tools/ghidra_12.1.3_PUBLIC/Ghidra/Features/Base/data/PEFunctionsThatDoNotReturn (NoReturnFunctionAnalyzer)  
WARN  Ignoring leading '_' chars on no-return name '___report_rangecheckfailure' specified in file: /workspace/decompile/tools/ghidra_12.1.3_PUBLIC/Ghidra/Features/Base/data/PEFunctionsThatDoNotReturn (NoReturnFunctionAnalyzer)  
INFO  Skipping PDB processing: failed to locate PDB file in configured locations (PdbUniversalAnalyzer)  
INFO  Use a script to set the PDB file location. I.e.,
    PdbAnalyzer.setPdbFileOption(currentProgram, new File("/path/to/pdb/file.pdb")); or
    PdbUniversalAnalyzer.setPdbFileOption(currentProgram, new File("/path/to/pdb/file.pdb"));
Or set the symbol server search configuration using:    PdbPlugin.saveSymbolServerServiceConfig(...);
 This must be done using a pre-script (prior to analysis). (PdbUniversalAnalyzer)  
INFO  Packed database cache: /var/tmp/root-ghidra/packed-db-cache (PackedDatabaseCache)  
INFO  Applied data type archive: windows_vs12_32 (ApplyDataArchiveAnalyzer)  
INFO  Applied data type archive: windows_vs12_32 (ApplyDataArchiveAnalyzer)  
INFO  -----------------------------------------------------
    ASCII Strings                              1.196 secs
    Apply Data Archives                        0.991 secs
    Call Convention ID                         0.066 secs
    Call-Fixup Installer                       0.374 secs
    Create Address Tables                      0.576 secs
    Create Address Tables - One Time           1.188 secs
    Create Function                            3.256 secs
    Data Reference                             0.691 secs
    Decompiler Parameter ID                   55.830 secs
    Decompiler Switch Analysis                25.536 secs
    Demangler Microsoft                        0.216 secs
    Disassemble                                8.586 secs
    Disassemble Entry Points                   1.211 secs
    Embedded Media                             0.086 secs
    External Entry References                  0.000 secs
    Function ID                                8.228 secs
    Function Start Pre Search                  0.100 secs
    Function Start Search                      1.224 secs
    Function Start Search After Code           0.349 secs
    Function Start Search After Data           0.892 secs
    Function Start Search delayed - One Time   0.001 secs
    Non-Returning Functions - Discovered       2.443 secs
    Non-Returning Functions - Known            0.006 secs
    PDB Universal                              0.100 secs
    Reference                                  1.962 secs
    Scalar Operand References                  3.205 secs
    Shared Return Calls                        0.814 secs
    Stack                                     19.412 secs
    Subroutine References                      0.841 secs
    Subroutine References - One Time           0.019 secs
    Windows x86 PE Exception Handling          5.310 secs
    Windows x86 PE RTTI Analyzer               0.246 secs
    Windows x86 Thread Environment Block (TEB) Analyzer     0.088 secs
    WindowsResourceReference                   1.226 secs
    X86 Function Callee Purge                  1.690 secs
    x86 Constant Reference Analyzer           14.317 secs
-----------------------------------------------------
     Total Time   162 secs
-----------------------------------------------------
 (AutoAnalysisManager)  
INFO  REPORT: Analysis succeeded for file: file:///workspace/MainSvrT.exe (HeadlessAnalyzer)  
INFO  REPORT: Execute script: DecompileAndExport.java '/workspace/decompile/output'  (HeadlessAnalyzer)  
ERROR REPORT SCRIPT ERROR: DecompileAndExport.java : The class could not be found. It must be the public class of the .java file: Failed to get OSGi bundle containing script: /workspace/decompile/scripts/DecompileAndExport.java (HeadlessAnalyzer) ghidra.app.script.GhidraScriptLoadException: The class could not be found. It must be the public class of the .java file: Failed to get OSGi bundle containing script: /workspace/decompile/scripts/DecompileAndExport.java
	at ghidra.app.script.JavaScriptProvider.getScriptInstance(JavaScriptProvider.java:114)
	at ghidra.app.util.headless.HeadlessAnalyzer.runScriptsList(HeadlessAnalyzer.java:915)
	at ghidra.app.util.headless.HeadlessAnalyzer.analyzeProgram(HeadlessAnalyzer.java:1085)
	at ghidra.app.util.headless.HeadlessAnalyzer.processFileWithImport(HeadlessAnalyzer.java:1583)
	at ghidra.app.util.headless.HeadlessAnalyzer.processWithLoader(HeadlessAnalyzer.java:1743)
	at ghidra.app.util.headless.HeadlessAnalyzer.processWithImport(HeadlessAnalyzer.java:1684)
	at ghidra.app.util.headless.HeadlessAnalyzer.processWithImport(HeadlessAnalyzer.java:1768)
	at ghidra.app.util.headless.HeadlessAnalyzer.processLocal(HeadlessAnalyzer.java:452)
	at ghidra.app.util.headless.AnalyzeHeadless.launch(AnalyzeHeadless.java:199)
	at ghidra.GhidraLauncher.launch(GhidraLauncher.java:81)
	at ghidra.Ghidra.main(Ghidra.java:54)
Caused by: java.lang.ClassNotFoundException: Failed to get OSGi bundle containing script: /workspace/decompile/scripts/DecompileAndExport.java
	at ghidra.app.script.JavaScriptProvider.loadClass(JavaScriptProvider.java:163)
	at ghidra.app.script.JavaScriptProvider.getScriptInstance(JavaScriptProvider.java:97)
	... 10 more
 
INFO  ANALYZING changes made by post scripts: file:///workspace/MainSvrT.exe (HeadlessAnalyzer)  
INFO  REPORT: Post-analysis succeeded for file: file:///workspace/MainSvrT.exe (HeadlessAnalyzer)  
INFO  /MainSvrT.exe: file created (root) (LocalFileSystem)  
INFO  REPORT: Save succeeded for: /MainSvrT.exe (KalOnline_MainSvrT:/MainSvrT.exe) (HeadlessAnalyzer)  
INFO  REPORT: Import succeeded (HeadlessAnalyzer)  
